// Jest Snapshot v1, https://goo.gl/fbAQLP

exports[`EngineerLayout Component matches snapshot 1`] = `
<DocumentFragment>
  <div
    class="flex flex-col h-screen"
  >
    <div
      data-testid="navbar"
    >
      Navbar
    </div>
    <div
      class="flex flex-1 "
    >
       
      <div
        data-testid="sidebar"
      >
        Sidebar
      </div>
      <div
        class="flex-1 mt-10 ml-10 md:ml-20 transition-all duration-300 bg-gray-100 text-gray-900 dark:bg-gray-900 dark:text-white p-6"
      >
        <div
          data-testid="outlet"
        >
          Outlet
        </div>
      </div>
    </div>
  </div>
</DocumentFragment>
`;
